// Jest Snapshot v1, https://goo.gl/fbAQLP

exports[`Tabs renders 1`] = `
<styles__TabsContainer>
  <styles__Controls>
    <styles__TabsList>
      <styles__SpaceBeforeCurrentTab />
      <styles__TabCurrent
        key="193359721"
      >
        Tab 1
        <A11yContent />
      </styles__TabCurrent>
      <styles__TabAfterCurrent
        key="193361898"
      >
        <styles__GeneralTabsButton
          aria-label="undefined 2"
          onClick={[Function]}
          value={2}
        >
          Tab 2
        </styles__GeneralTabsButton>
      </styles__TabAfterCurrent>
      <styles__SpaceBeforeAfterTabs />
    </styles__TabsList>
    <styles__TabsListMobile>
      <styles__TabCurrent
        key="193359721"
      >
        Tab 1
        <A11yContent />
      </styles__TabCurrent>
      <styles__TabAfterCurrent
        key="193361898"
      >
        <styles__GeneralTabsButton
          aria-label="undefined 2"
          onClick={[Function]}
          value={2}
        >
          Tab 2
        </styles__GeneralTabsButton>
      </styles__TabAfterCurrent>
    </styles__TabsListMobile>
  </styles__Controls>
  <Panel>
    <Panel
      tab="Tab 1"
    >
      Content of Tab Panel 1
    </Panel>
  </Panel>
</styles__TabsContainer>
`;
