// Jest Snapshot v1, https://goo.gl/fbAQLP

exports[`ToggleSwitch renders 1`] = `
.c0 {
  display: -webkit-box;
  display: -webkit-flex;
  display: -ms-flexbox;
  display: flex;
  -webkit-box-pack: justify;
  -webkit-justify-content: space-between;
  -ms-flex-pack: justify;
  justify-content: space-between;
}

.c2 {
  -webkit-appearance: none;
  -moz-appearance: none;
  appearance: none;
  background: none;
  box-shadow: none;
  position: relative;
  border: none;
  height: 26px;
  padding: 0;
}

.c2:focus {
  outline: auto;
  outline-color: rgb(59,153,252);
  outline-width: 5px;
}

.c4 {
  position: absolute;
  width: 18px;
  height: 18px;
  top: 3px;
  left: 3px;
  border-radius: 18px;
  background-color: white;
  -webkit-transition: left 0.25s;
  transition: left 0.25s;
  box-shadow: 0 0 2px 0 #000;
}

.c3 {
  position: relative;
  top: 2px;
  display: inline-block;
  width: 40px;
  height: 24px;
  border-radius: 24px;
  background-color: #d8d8d8;
}

.c1 {
  display: -webkit-box;
  display: -webkit-flex;
  display: -ms-flexbox;
  display: flex;
  -webkit-box-pack: center;
  -webkit-justify-content: center;
  -ms-flex-pack: center;
  justify-content: center;
}

<ToggleSwitch
  checked={false}
  id="my-id-123"
  isLoading={false}
  label="label"
  name="name"
  onBlur={null}
  onClick={null}
  onFocus={null}
  spinnerLabel={null}
  toolTipCopy="en"
  toolTipText=""
  value="value"
>
  <StyledLabel
    htmlFor="my-id-123"
  >
    <StyledComponent
      forwardedComponent={
        Object {
          "$$typeof": Symbol(react.forward_ref),
          "attrs": Array [],
          "componentStyle": ComponentStyle {
            "componentId": "styles__StyledLabel-i9h5g3-0",
            "isStatic": true,
            "lastClassName": "c0",
            "rules": Array [
              "display: flex; justify-content: space-between;",
            ],
          },
          "displayName": "StyledLabel",
          "foldedComponentIds": Array [],
          "render": [Function],
          "styledComponentId": "styles__StyledLabel-i9h5g3-0",
          "target": "label",
          "toString": [Function],
          "warnTooManyClasses": [Function],
          "withComponent": [Function],
        }
      }
      forwardedRef={null}
      htmlFor="my-id-123"
    >
      <label
        className="c0"
        htmlFor="my-id-123"
      >
        <Box
          between={2}
          inline={true}
          tag="div"
        >
          <div
            className="TDS_Box-modules__betweenRightMargin-2___20pzC TDS_Box-modules__inline___jTHcz"
          >
            <Text
              block={false}
              bold={false}
              id="my-id-123-label"
              invert={false}
              size="medium"
            >
              <span
                className="TDS_Typography-modules__default___KlcpP TDS_Typography-modules__medium___1rxfE TDS_Typography-modules__wordBreak___3OZx_ TDS_Typography-modules__mediumFont___XMrRj TDS_Typography-modules__color___2CNH8"
                id="my-id-123-label"
              >
                label
              </span>
            </Text>
          </div>
        </Box>
        <styles__InputSwitchWrapper>
          <StyledComponent
            forwardedComponent={
              Object {
                "$$typeof": Symbol(react.forward_ref),
                "attrs": Array [],
                "componentStyle": ComponentStyle {
                  "componentId": "styles__InputSwitchWrapper-i9h5g3-4",
                  "isStatic": true,
                  "lastClassName": "c1",
                  "rules": Array [
                    "display: flex; justify-content: center;",
                  ],
                },
                "displayName": "styles__InputSwitchWrapper",
                "foldedComponentIds": Array [],
                "render": [Function],
                "styledComponentId": "styles__InputSwitchWrapper-i9h5g3-4",
                "target": "div",
                "toString": [Function],
                "warnTooManyClasses": [Function],
                "withComponent": [Function],
              }
            }
            forwardedRef={null}
          >
            <div
              className="c1"
            >
              <Spinner
                a11yLabel="A spinner is active. Please wait while the page completes a task."
                dangerouslyHideVisibleLabel={false}
                fullScreen={false}
                inline={true}
                label={null}
                size="small"
                spinning={false}
                tag="span"
                variant="primary"
              >
                <styles__Button
                  aria-checked={false}
                  aria-labelledby="my-id-123-label"
                  checked={false}
                  data-testid="my-id-123-switch"
                  id="my-id-123"
                  isLoading={false}
                  name="name"
                  onBlur={[Function]}
                  onClick={[Function]}
                  onFocus={[Function]}
                  role="switch"
                  value="value"
                >
                  <StyledComponent
                    aria-checked={false}
                    aria-labelledby="my-id-123-label"
                    checked={false}
                    data-testid="my-id-123-switch"
                    forwardedComponent={
                      Object {
                        "$$typeof": Symbol(react.forward_ref),
                        "attrs": Array [],
                        "componentStyle": ComponentStyle {
                          "componentId": "styles__Button-i9h5g3-1",
                          "isStatic": false,
                          "lastClassName": "c2",
                          "rules": Array [
                            [Function],
                          ],
                        },
                        "displayName": "styles__Button",
                        "foldedComponentIds": Array [],
                        "render": [Function],
                        "styledComponentId": "styles__Button-i9h5g3-1",
                        "target": "button",
                        "toString": [Function],
                        "warnTooManyClasses": [Function],
                        "withComponent": [Function],
                      }
                    }
                    forwardedRef={null}
                    id="my-id-123"
                    isLoading={false}
                    name="name"
                    onBlur={[Function]}
                    onClick={[Function]}
                    onFocus={[Function]}
                    role="switch"
                    value="value"
                  >
                    <button
                      aria-checked={false}
                      aria-labelledby="my-id-123-label"
                      checked={false}
                      className="c2"
                      data-testid="my-id-123-switch"
                      id="my-id-123"
                      name="name"
                      onBlur={[Function]}
                      onClick={[Function]}
                      onFocus={[Function]}
                      role="switch"
                      value="value"
                    >
                      <styles__Switch
                        aria-checked={false}
                        data-testid="my-id-123-switch"
                        isLoading={false}
                        switchOn={false}
                      >
                        <StyledComponent
                          aria-checked={false}
                          data-testid="my-id-123-switch"
                          forwardedComponent={
                            Object {
                              "$$typeof": Symbol(react.forward_ref),
                              "attrs": Array [],
                              "componentStyle": ComponentStyle {
                                "componentId": "styles__Switch-i9h5g3-3",
                                "isStatic": false,
                                "lastClassName": "c3",
                                "rules": Array [
                                  [Function],
                                ],
                              },
                              "displayName": "styles__Switch",
                              "foldedComponentIds": Array [],
                              "render": [Function],
                              "styledComponentId": "styles__Switch-i9h5g3-3",
                              "target": "span",
                              "toString": [Function],
                              "warnTooManyClasses": [Function],
                              "withComponent": [Function],
                            }
                          }
                          forwardedRef={null}
                          isLoading={false}
                          switchOn={false}
                        >
                          <span
                            aria-checked={false}
                            className="c3"
                            data-testid="my-id-123-switch"
                          >
                            <styles__Slider
                              switchOn={false}
                            >
                              <StyledComponent
                                forwardedComponent={
                                  Object {
                                    "$$typeof": Symbol(react.forward_ref),
                                    "attrs": Array [],
                                    "componentStyle": ComponentStyle {
                                      "componentId": "styles__Slider-i9h5g3-2",
                                      "isStatic": false,
                                      "lastClassName": "c4",
                                      "rules": Array [
                                        [Function],
                                      ],
                                    },
                                    "displayName": "styles__Slider",
                                    "foldedComponentIds": Array [],
                                    "render": [Function],
                                    "styledComponentId": "styles__Slider-i9h5g3-2",
                                    "target": "span",
                                    "toString": [Function],
                                    "warnTooManyClasses": [Function],
                                    "withComponent": [Function],
                                  }
                                }
                                forwardedRef={null}
                                switchOn={false}
                              >
                                <span
                                  className="c4"
                                />
                              </StyledComponent>
                            </styles__Slider>
                          </span>
                        </StyledComponent>
                      </styles__Switch>
                    </button>
                  </StyledComponent>
                </styles__Button>
              </Spinner>
            </div>
          </StyledComponent>
        </styles__InputSwitchWrapper>
      </label>
    </StyledComponent>
  </StyledLabel>
</ToggleSwitch>
`;
